[INFO] Fetching vehicle positions...
[INFO] Fetching GTFS-RT from https://api-challenge.odpt.org/api/v4/gtfs/realtime/jreast_odpt_train_trip_update
[INFO] Params: {'acl:consumerKey': 'w16gqrvl2r9ipafyt8pg1f8z79cc7n0qiqixbze9z2d6kzbp1nooh17a5uzl1ldv'}
[INFO] Status: 200
[INFO] Received 207428 bytes
[INFO] Feed timestamp: 1764555425
[INFO] GTFS version: 2.0
[INFO] Parsed 328 entities
[INFO] Fetched 328 entities
[INFO] 
============================================================
[INFO] Found 0 Yamanote trains
[INFO] ============================================================

[WARNING] No Yamanote trains found. This may be normal during late night hours.
